// Jest Snapshot v1, https://goo.gl/fbAQLP

exports[`should render as expected 1`] = `
<div>
  <div
    class="mt-40"
  />
</div>
`;
